23:41:34 **** Incremental Build of configuration Debug for project smart_envt ****
make -j12 all 
arm-none-eabi-gcc "../Core/Src/main.c" -mcpu=cortex-m4 -std=gnu11 -g3 -DDEBUG -DUSE_HAL_DRIVER -DSTM32F407xx -c -I../Core/Inc -I../Drivers/STM32F4xx_HAL_Driver/Inc -I../Drivers/STM32F4xx_HAL_Driver/Inc/Legacy -I../Drivers/CMSIS/Device/ST/STM32F4xx/Include -I../Drivers/CMSIS/Include -O0 -ffunction-sections -fdata-sections -Wall -fstack-usage -fcyclomatic-complexity -MMD -MP -MF"Core/Src/main.d" -MT"Core/Src/main.o" --specs=nano.specs -mfpu=fpv4-sp-d16 -mfloat-abi=hard -mthumb -o "Core/Src/main.o"
arm-none-eabi-gcc "../Core/Src/stm32f4xx_hal_msp.c" -mcpu=cortex-m4 -std=gnu11 -g3 -DDEBUG -DUSE_HAL_DRIVER -DSTM32F407xx -c -I../Core/Inc -I../Drivers/STM32F4xx_HAL_Driver/Inc -I../Drivers/STM32F4xx_HAL_Driver/Inc/Legacy -I../Drivers/CMSIS/Device/ST/STM32F4xx/Include -I../Drivers/CMSIS/Include -O0 -ffunction-sections -fdata-sections -Wall -fstack-usage -fcyclomatic-complexity -MMD -MP -MF"Core/Src/stm32f4xx_hal_msp.d" -MT"Core/Src/stm32f4xx_hal_msp.o" --specs=nano.specs -mfpu=fpv4-sp-d16 -mfloat-abi=hard -mthumb -o "Core/Src/stm32f4xx_hal_msp.o"
../Core/Src/main.c: In function 'main':
../Core/Src/main.c:102:5: warning: implicit declaration of function 'lcd16x2_i2c_init' [-Wimplicit-function-declaration]
  102 | if(!lcd16x2_i2c_init(&hi2c1))
      |     ^~~~~~~~~~~~~~~~
../Core/Src/main.c:113:11: warning: implicit declaration of function 'smoke_moniter_task' [-Wimplicit-function-declaration]
  113 |           smoke_moniter_task();
      |           ^~~~~~~~~~~~~~~~~~
arm-none-eabi-gcc -o "smart_envt.elf" @"objects.list"   -mcpu=cortex-m4 -T"D:\sunbeam assignment\smarter_envt\smart_envt\STM32F407VGTX_FLASH.ld" --specs=nosys.specs -Wl,-Map="smart_envt.map" -Wl,--gc-sections -static --specs=nano.specs -mfpu=fpv4-sp-d16 -mfloat-abi=hard -mthumb -Wl,--start-group -lc -lm -Wl,--end-group
Finished building target: smart_envt.elf
 
arm-none-eabi-size  smart_envt.elf 
arm-none-eabi-objdump -h -S smart_envt.elf  > "smart_envt.list"
   text	   data	    bss	    dec	    hex	filename
  23820	     92	   2140	  26052	   65c4	smart_envt.elf
Finished building: default.size.stdout
 
Finished building: smart_envt.list
 

23:41:37 Build Finished. 0 errors, 2 warnings. (took 2s.876ms)

