12:16:51 **** Incremental Build of configuration Debug for project HAL_toggle ****
make -j12 all 
arm-none-eabi-gcc "../Core/Src/main.c" -mcpu=cortex-m4 -std=gnu11 -g3 -DDEBUG -DUSE_HAL_DRIVER -DSTM32F407xx -c -I../Core/Inc -I../Drivers/STM32F4xx_HAL_Driver/Inc -I../Drivers/STM32F4xx_HAL_Driver/Inc/Legacy -I../Drivers/CMSIS/Device/ST/STM32F4xx/Include -I../Drivers/CMSIS/Include -O0 -ffunction-sections -fdata-sections -Wall -fstack-usage -fcyclomatic-complexity -MMD -MP -MF"Core/Src/main.d" -MT"Core/Src/main.o" --specs=nano.specs -mfpu=fpv4-sp-d16 -mfloat-abi=hard -mthumb -o "Core/Src/main.o"
arm-none-eabi-gcc -o "HAL_toggle.elf" @"objects.list"   -mcpu=cortex-m4 -T"D:\sunbeam assignment\HALcoding\HAL_toggle\STM32F407VGTX_FLASH.ld" --specs=nosys.specs -Wl,-Map="HAL_toggle.map" -Wl,--gc-sections -static --specs=nano.specs -mfpu=fpv4-sp-d16 -mfloat-abi=hard -mthumb -Wl,--start-group -lc -lm -Wl,--end-group
Finished building target: HAL_toggle.elf
 
arm-none-eabi-size  HAL_toggle.elf 
arm-none-eabi-objdump -h -S HAL_toggle.elf  > "HAL_toggle.list"
   text	   data	    bss	    dec	    hex	filename
   5976	     12	   1572	   7560	   1d88	HAL_toggle.elf
Finished building: default.size.stdout
 
Finished building: HAL_toggle.list
 
12:17:18 **** Incremental Build of configuration Debug for project HAL_toggle ****
make -j12 all 
arm-none-eabi-size  HAL_toggle.elf 
   text	   data	    bss	    dec	    hex	filename
   5976	     12	   1572	   7560	   1d88	HAL_toggle.elf
Finished building: default.size.stdout
 
